Vertex: readout_neurons:33:33 
edge:readout_neurons:33:33:readout_neurons:1:1, keys_and_masks:[KeyAndMask:0x23L:0xffffffff] 
edge:readout_neurons:33:33:readout_neurons:0:0, keys_and_masks:[KeyAndMask:0x23L:0xffffffff] 


Vertex: readout_neurons:47:47 
edge:readout_neurons:47:47:readout_neurons:1:1, keys_and_masks:[KeyAndMask:0x31L:0xffffffff] 
edge:readout_neurons:47:47:readout_neurons:0:0, keys_and_masks:[KeyAndMask:0x31L:0xffffffff] 


Vertex: readout_neurons:48:48 
edge:readout_neurons:48:48:readout_neurons:1:1, keys_and_masks:[KeyAndMask:0x32L:0xffffffff] 
edge:readout_neurons:48:48:readout_neurons:0:0, keys_and_masks:[KeyAndMask:0x32L:0xffffffff] 


Vertex: readout_neurons:24:24 
edge:readout_neurons:24:24:readout_neurons:1:1, keys_and_masks:[KeyAndMask:0x1aL:0xffffffff] 
edge:readout_neurons:24:24:readout_neurons:0:0, keys_and_masks:[KeyAndMask:0x1aL:0xffffffff] 


Vertex: readout_neurons:52:52 
edge:readout_neurons:52:52:readout_neurons:1:1, keys_and_masks:[KeyAndMask:0x36L:0xffffffff] 
edge:readout_neurons:52:52:readout_neurons:0:0, keys_and_masks:[KeyAndMask:0x36L:0xffffffff] 


Vertex: readout_neurons:44:44 
edge:readout_neurons:44:44:readout_neurons:1:1, keys_and_masks:[KeyAndMask:0x2eL:0xffffffff] 
edge:readout_neurons:44:44:readout_neurons:0:0, keys_and_masks:[KeyAndMask:0x2eL:0xffffffff] 


Vertex: readout_neurons:5:5 
edge:readout_neurons:5:5:readout_neurons:1:1, keys_and_masks:[KeyAndMask:0x7L:0xffffffff] 
edge:readout_neurons:5:5:readout_neurons:0:0, keys_and_masks:[KeyAndMask:0x7L:0xffffffff] 


Vertex: readout_neurons:58:58 
edge:readout_neurons:58:58:readout_neurons:1:1, keys_and_masks:[KeyAndMask:0x3cL:0xffffffff] 
edge:readout_neurons:58:58:readout_neurons:0:0, keys_and_masks:[KeyAndMask:0x3cL:0xffffffff] 


Vertex: readout_neurons:8:8 
edge:readout_neurons:8:8:readout_neurons:1:1, keys_and_masks:[KeyAndMask:0xaL:0xffffffff] 
edge:readout_neurons:8:8:readout_neurons:0:0, keys_and_masks:[KeyAndMask:0xaL:0xffffffff] 


Vertex: readout_neurons:57:57 
edge:readout_neurons:57:57:readout_neurons:1:1, keys_and_masks:[KeyAndMask:0x3bL:0xffffffff] 
edge:readout_neurons:57:57:readout_neurons:0:0, keys_and_masks:[KeyAndMask:0x3bL:0xffffffff] 


Vertex: readout_neurons:27:27 
edge:readout_neurons:27:27:readout_neurons:1:1, keys_and_masks:[KeyAndMask:0x1dL:0xffffffff] 
edge:readout_neurons:27:27:readout_neurons:0:0, keys_and_masks:[KeyAndMask:0x1dL:0xffffffff] 


Vertex: readout_neurons:36:36 
edge:readout_neurons:36:36:readout_neurons:1:1, keys_and_masks:[KeyAndMask:0x26L:0xffffffff] 
edge:readout_neurons:36:36:readout_neurons:0:0, keys_and_masks:[KeyAndMask:0x26L:0xffffffff] 


Vertex: readout_neurons:17:17 
edge:readout_neurons:17:17:readout_neurons:1:1, keys_and_masks:[KeyAndMask:0x13L:0xffffffff] 
edge:readout_neurons:17:17:readout_neurons:0:0, keys_and_masks:[KeyAndMask:0x13L:0xffffffff] 


Vertex: readout_neurons:38:38 
edge:readout_neurons:38:38:readout_neurons:1:1, keys_and_masks:[KeyAndMask:0x28L:0xffffffff] 
edge:readout_neurons:38:38:readout_neurons:0:0, keys_and_masks:[KeyAndMask:0x28L:0xffffffff] 


Vertex: readout_neurons:11:11 
edge:readout_neurons:11:11:readout_neurons:1:1, keys_and_masks:[KeyAndMask:0xdL:0xffffffff] 
edge:readout_neurons:11:11:readout_neurons:0:0, keys_and_masks:[KeyAndMask:0xdL:0xffffffff] 


Vertex: readout_neurons:53:53 
edge:readout_neurons:53:53:readout_neurons:1:1, keys_and_masks:[KeyAndMask:0x37L:0xffffffff] 
edge:readout_neurons:53:53:readout_neurons:0:0, keys_and_masks:[KeyAndMask:0x37L:0xffffffff] 


Vertex: <spinn_front_end_common.utility_models.reverse_ip_tag_multicast_source_machine_vertex.ReverseIPTagMulticastSourceMachineVertex object at 0x7fd14f04b190> 
edge:<spinn_front_end_common.utility_models.reverse_ip_tag_multicast_source_machine_vertex.ReverseIPTagMulticastSourceMachineVertex object at 0x7fd14f04b190>:readout_neurons:34:34, keys_and_masks:[KeyAndMask:0x40L:0xfffffffc] 
edge:<spinn_front_end_common.utility_models.reverse_ip_tag_multicast_source_machine_vertex.ReverseIPTagMulticastSourceMachineVertex object at 0x7fd14f04b190>:readout_neurons:51:51, keys_and_masks:[KeyAndMask:0x40L:0xfffffffc] 
edge:<spinn_front_end_common.utility_models.reverse_ip_tag_multicast_source_machine_vertex.ReverseIPTagMulticastSourceMachineVertex object at 0x7fd14f04b190>:readout_neurons:17:17, keys_and_masks:[KeyAndMask:0x40L:0xfffffffc] 
edge:<spinn_front_end_common.utility_models.reverse_ip_tag_multicast_source_machine_vertex.ReverseIPTagMulticastSourceMachineVertex object at 0x7fd14f04b190>:readout_neurons:48:48, keys_and_masks:[KeyAndMask:0x40L:0xfffffffc] 
edge:<spinn_front_end_common.utility_models.reverse_ip_tag_multicast_source_machine_vertex.ReverseIPTagMulticastSourceMachineVertex object at 0x7fd14f04b190>:readout_neurons:6:6, keys_and_masks:[KeyAndMask:0x40L:0xfffffffc] 
edge:<spinn_front_end_common.utility_models.reverse_ip_tag_multicast_source_machine_vertex.ReverseIPTagMulticastSourceMachineVertex object at 0x7fd14f04b190>:readout_neurons:55:55, keys_and_masks:[KeyAndMask:0x40L:0xfffffffc] 
edge:<spinn_front_end_common.utility_models.reverse_ip_tag_multicast_source_machine_vertex.ReverseIPTagMulticastSourceMachineVertex object at 0x7fd14f04b190>:readout_neurons:18:18, keys_and_masks:[KeyAndMask:0x40L:0xfffffffc] 
edge:<spinn_front_end_common.utility_models.reverse_ip_tag_multicast_source_machine_vertex.ReverseIPTagMulticastSourceMachineVertex object at 0x7fd14f04b190>:readout_neurons:7:7, keys_and_masks:[KeyAndMask:0x40L:0xfffffffc] 
edge:<spinn_front_end_common.utility_models.reverse_ip_tag_multicast_source_machine_vertex.ReverseIPTagMulticastSourceMachineVertex object at 0x7fd14f04b190>:readout_neurons:19:19, keys_and_masks:[KeyAndMask:0x40L:0xfffffffc] 
edge:<spinn_front_end_common.utility_models.reverse_ip_tag_multicast_source_machine_vertex.ReverseIPTagMulticastSourceMachineVertex object at 0x7fd14f04b190>:readout_neurons:8:8, keys_and_masks:[KeyAndMask:0x40L:0xfffffffc] 
edge:<spinn_front_end_common.utility_models.reverse_ip_tag_multicast_source_machine_vertex.ReverseIPTagMulticastSourceMachineVertex object at 0x7fd14f04b190>:readout_neurons:42:42, keys_and_masks:[KeyAndMask:0x40L:0xfffffffc] 
edge:<spinn_front_end_common.utility_models.reverse_ip_tag_multicast_source_machine_vertex.ReverseIPTagMulticastSourceMachineVertex object at 0x7fd14f04b190>:readout_neurons:57:57, keys_and_masks:[KeyAndMask:0x40L:0xfffffffc] 
edge:<spinn_front_end_common.utility_models.reverse_ip_tag_multicast_source_machine_vertex.ReverseIPTagMulticastSourceMachineVertex object at 0x7fd14f04b190>:readout_neurons:38:38, keys_and_masks:[KeyAndMask:0x40L:0xfffffffc] 
edge:<spinn_front_end_common.utility_models.reverse_ip_tag_multicast_source_machine_vertex.ReverseIPTagMulticastSourceMachineVertex object at 0x7fd14f04b190>:readout_neurons:20:20, keys_and_masks:[KeyAndMask:0x40L:0xfffffffc] 
edge:<spinn_front_end_common.utility_models.reverse_ip_tag_multicast_source_machine_vertex.ReverseIPTagMulticastSourceMachineVertex object at 0x7fd14f04b190>:readout_neurons:44:44, keys_and_masks:[KeyAndMask:0x40L:0xfffffffc] 
edge:<spinn_front_end_common.utility_models.reverse_ip_tag_multicast_source_machine_vertex.ReverseIPTagMulticastSourceMachineVertex object at 0x7fd14f04b190>:readout_neurons:9:9, keys_and_masks:[KeyAndMask:0x40L:0xfffffffc] 
edge:<spinn_front_end_common.utility_models.reverse_ip_tag_multicast_source_machine_vertex.ReverseIPTagMulticastSourceMachineVertex object at 0x7fd14f04b190>:readout_neurons:0:0, keys_and_masks:[KeyAndMask:0x40L:0xfffffffc] 
edge:<spinn_front_end_common.utility_models.reverse_ip_tag_multicast_source_machine_vertex.ReverseIPTagMulticastSourceMachineVertex object at 0x7fd14f04b190>:readout_neurons:25:25, keys_and_masks:[KeyAndMask:0x40L:0xfffffffc] 
edge:<spinn_front_end_common.utility_models.reverse_ip_tag_multicast_source_machine_vertex.ReverseIPTagMulticastSourceMachineVertex object at 0x7fd14f04b190>:readout_neurons:52:52, keys_and_masks:[KeyAndMask:0x40L:0xfffffffc] 
edge:<spinn_front_end_common.utility_models.reverse_ip_tag_multicast_source_machine_vertex.ReverseIPTagMulticastSourceMachineVertex object at 0x7fd14f04b190>:readout_neurons:21:21, keys_and_masks:[KeyAndMask:0x40L:0xfffffffc] 
edge:<spinn_front_end_common.utility_models.reverse_ip_tag_multicast_source_machine_vertex.ReverseIPTagMulticastSourceMachineVertex object at 0x7fd14f04b190>:readout_neurons:27:27, keys_and_masks:[KeyAndMask:0x40L:0xfffffffc] 
edge:<spinn_front_end_common.utility_models.reverse_ip_tag_multicast_source_machine_vertex.ReverseIPTagMulticastSourceMachineVertex object at 0x7fd14f04b190>:readout_neurons:40:40, keys_and_masks:[KeyAndMask:0x40L:0xfffffffc] 
edge:<spinn_front_end_common.utility_models.reverse_ip_tag_multicast_source_machine_vertex.ReverseIPTagMulticastSourceMachineVertex object at 0x7fd14f04b190>:readout_neurons:10:10, keys_and_masks:[KeyAndMask:0x40L:0xfffffffc] 
edge:<spinn_front_end_common.utility_models.reverse_ip_tag_multicast_source_machine_vertex.ReverseIPTagMulticastSourceMachineVertex object at 0x7fd14f04b190>:readout_neurons:29:29, keys_and_masks:[KeyAndMask:0x40L:0xfffffffc] 
edge:<spinn_front_end_common.utility_models.reverse_ip_tag_multicast_source_machine_vertex.ReverseIPTagMulticastSourceMachineVertex object at 0x7fd14f04b190>:readout_neurons:31:31, keys_and_masks:[KeyAndMask:0x40L:0xfffffffc] 
edge:<spinn_front_end_common.utility_models.reverse_ip_tag_multicast_source_machine_vertex.ReverseIPTagMulticastSourceMachineVertex object at 0x7fd14f04b190>:readout_neurons:22:22, keys_and_masks:[KeyAndMask:0x40L:0xfffffffc] 
edge:<spinn_front_end_common.utility_models.reverse_ip_tag_multicast_source_machine_vertex.ReverseIPTagMulticastSourceMachineVertex object at 0x7fd14f04b190>:readout_neurons:33:33, keys_and_masks:[KeyAndMask:0x40L:0xfffffffc] 
edge:<spinn_front_end_common.utility_models.reverse_ip_tag_multicast_source_machine_vertex.ReverseIPTagMulticastSourceMachineVertex object at 0x7fd14f04b190>:readout_neurons:11:11, keys_and_masks:[KeyAndMask:0x40L:0xfffffffc] 
edge:<spinn_front_end_common.utility_models.reverse_ip_tag_multicast_source_machine_vertex.ReverseIPTagMulticastSourceMachineVertex object at 0x7fd14f04b190>:readout_neurons:35:35, keys_and_masks:[KeyAndMask:0x40L:0xfffffffc] 
edge:<spinn_front_end_common.utility_models.reverse_ip_tag_multicast_source_machine_vertex.ReverseIPTagMulticastSourceMachineVertex object at 0x7fd14f04b190>:readout_neurons:54:54, keys_and_masks:[KeyAndMask:0x40L:0xfffffffc] 
edge:<spinn_front_end_common.utility_models.reverse_ip_tag_multicast_source_machine_vertex.ReverseIPTagMulticastSourceMachineVertex object at 0x7fd14f04b190>:readout_neurons:50:50, keys_and_masks:[KeyAndMask:0x40L:0xfffffffc] 
edge:<spinn_front_end_common.utility_models.reverse_ip_tag_multicast_source_machine_vertex.ReverseIPTagMulticastSourceMachineVertex object at 0x7fd14f04b190>:readout_neurons:23:23, keys_and_masks:[KeyAndMask:0x40L:0xfffffffc] 
edge:<spinn_front_end_common.utility_models.reverse_ip_tag_multicast_source_machine_vertex.ReverseIPTagMulticastSourceMachineVertex object at 0x7fd14f04b190>:readout_neurons:12:12, keys_and_masks:[KeyAndMask:0x40L:0xfffffffc] 
edge:<spinn_front_end_common.utility_models.reverse_ip_tag_multicast_source_machine_vertex.ReverseIPTagMulticastSourceMachineVertex object at 0x7fd14f04b190>:readout_neurons:49:49, keys_and_masks:[KeyAndMask:0x40L:0xfffffffc] 
edge:<spinn_front_end_common.utility_models.reverse_ip_tag_multicast_source_machine_vertex.ReverseIPTagMulticastSourceMachineVertex object at 0x7fd14f04b190>:readout_neurons:1:1, keys_and_masks:[KeyAndMask:0x40L:0xfffffffc] 
edge:<spinn_front_end_common.utility_models.reverse_ip_tag_multicast_source_machine_vertex.ReverseIPTagMulticastSourceMachineVertex object at 0x7fd14f04b190>:readout_neurons:13:13, keys_and_masks:[KeyAndMask:0x40L:0xfffffffc] 
edge:<spinn_front_end_common.utility_models.reverse_ip_tag_multicast_source_machine_vertex.ReverseIPTagMulticastSourceMachineVertex object at 0x7fd14f04b190>:readout_neurons:36:36, keys_and_masks:[KeyAndMask:0x40L:0xfffffffc] 
edge:<spinn_front_end_common.utility_models.reverse_ip_tag_multicast_source_machine_vertex.ReverseIPTagMulticastSourceMachineVertex object at 0x7fd14f04b190>:readout_neurons:56:56, keys_and_masks:[KeyAndMask:0x40L:0xfffffffc] 
edge:<spinn_front_end_common.utility_models.reverse_ip_tag_multicast_source_machine_vertex.ReverseIPTagMulticastSourceMachineVertex object at 0x7fd14f04b190>:readout_neurons:37:37, keys_and_masks:[KeyAndMask:0x40L:0xfffffffc] 
edge:<spinn_front_end_common.utility_models.reverse_ip_tag_multicast_source_machine_vertex.ReverseIPTagMulticastSourceMachineVertex object at 0x7fd14f04b190>:readout_neurons:2:2, keys_and_masks:[KeyAndMask:0x40L:0xfffffffc] 
edge:<spinn_front_end_common.utility_models.reverse_ip_tag_multicast_source_machine_vertex.ReverseIPTagMulticastSourceMachineVertex object at 0x7fd14f04b190>:readout_neurons:14:14, keys_and_masks:[KeyAndMask:0x40L:0xfffffffc] 
edge:<spinn_front_end_common.utility_models.reverse_ip_tag_multicast_source_machine_vertex.ReverseIPTagMulticastSourceMachineVertex object at 0x7fd14f04b190>:readout_neurons:43:43, keys_and_masks:[KeyAndMask:0x40L:0xfffffffc] 
edge:<spinn_front_end_common.utility_models.reverse_ip_tag_multicast_source_machine_vertex.ReverseIPTagMulticastSourceMachineVertex object at 0x7fd14f04b190>:readout_neurons:3:3, keys_and_masks:[KeyAndMask:0x40L:0xfffffffc] 
edge:<spinn_front_end_common.utility_models.reverse_ip_tag_multicast_source_machine_vertex.ReverseIPTagMulticastSourceMachineVertex object at 0x7fd14f04b190>:readout_neurons:45:45, keys_and_masks:[KeyAndMask:0x40L:0xfffffffc] 
edge:<spinn_front_end_common.utility_models.reverse_ip_tag_multicast_source_machine_vertex.ReverseIPTagMulticastSourceMachineVertex object at 0x7fd14f04b190>:readout_neurons:47:47, keys_and_masks:[KeyAndMask:0x40L:0xfffffffc] 
edge:<spinn_front_end_common.utility_models.reverse_ip_tag_multicast_source_machine_vertex.ReverseIPTagMulticastSourceMachineVertex object at 0x7fd14f04b190>:readout_neurons:15:15, keys_and_masks:[KeyAndMask:0x40L:0xfffffffc] 
edge:<spinn_front_end_common.utility_models.reverse_ip_tag_multicast_source_machine_vertex.ReverseIPTagMulticastSourceMachineVertex object at 0x7fd14f04b190>:readout_neurons:24:24, keys_and_masks:[KeyAndMask:0x40L:0xfffffffc] 
edge:<spinn_front_end_common.utility_models.reverse_ip_tag_multicast_source_machine_vertex.ReverseIPTagMulticastSourceMachineVertex object at 0x7fd14f04b190>:readout_neurons:58:58, keys_and_masks:[KeyAndMask:0x40L:0xfffffffc] 
edge:<spinn_front_end_common.utility_models.reverse_ip_tag_multicast_source_machine_vertex.ReverseIPTagMulticastSourceMachineVertex object at 0x7fd14f04b190>:readout_neurons:39:39, keys_and_masks:[KeyAndMask:0x40L:0xfffffffc] 
edge:<spinn_front_end_common.utility_models.reverse_ip_tag_multicast_source_machine_vertex.ReverseIPTagMulticastSourceMachineVertex object at 0x7fd14f04b190>:readout_neurons:26:26, keys_and_masks:[KeyAndMask:0x40L:0xfffffffc] 
edge:<spinn_front_end_common.utility_models.reverse_ip_tag_multicast_source_machine_vertex.ReverseIPTagMulticastSourceMachineVertex object at 0x7fd14f04b190>:readout_neurons:46:46, keys_and_masks:[KeyAndMask:0x40L:0xfffffffc] 
edge:<spinn_front_end_common.utility_models.reverse_ip_tag_multicast_source_machine_vertex.ReverseIPTagMulticastSourceMachineVertex object at 0x7fd14f04b190>:readout_neurons:4:4, keys_and_masks:[KeyAndMask:0x40L:0xfffffffc] 
edge:<spinn_front_end_common.utility_models.reverse_ip_tag_multicast_source_machine_vertex.ReverseIPTagMulticastSourceMachineVertex object at 0x7fd14f04b190>:readout_neurons:28:28, keys_and_masks:[KeyAndMask:0x40L:0xfffffffc] 
edge:<spinn_front_end_common.utility_models.reverse_ip_tag_multicast_source_machine_vertex.ReverseIPTagMulticastSourceMachineVertex object at 0x7fd14f04b190>:readout_neurons:16:16, keys_and_masks:[KeyAndMask:0x40L:0xfffffffc] 
edge:<spinn_front_end_common.utility_models.reverse_ip_tag_multicast_source_machine_vertex.ReverseIPTagMulticastSourceMachineVertex object at 0x7fd14f04b190>:readout_neurons:30:30, keys_and_masks:[KeyAndMask:0x40L:0xfffffffc] 
edge:<spinn_front_end_common.utility_models.reverse_ip_tag_multicast_source_machine_vertex.ReverseIPTagMulticastSourceMachineVertex object at 0x7fd14f04b190>:readout_neurons:53:53, keys_and_masks:[KeyAndMask:0x40L:0xfffffffc] 
edge:<spinn_front_end_common.utility_models.reverse_ip_tag_multicast_source_machine_vertex.ReverseIPTagMulticastSourceMachineVertex object at 0x7fd14f04b190>:readout_neurons:32:32, keys_and_masks:[KeyAndMask:0x40L:0xfffffffc] 
edge:<spinn_front_end_common.utility_models.reverse_ip_tag_multicast_source_machine_vertex.ReverseIPTagMulticastSourceMachineVertex object at 0x7fd14f04b190>:readout_neurons:5:5, keys_and_masks:[KeyAndMask:0x40L:0xfffffffc] 
edge:<spinn_front_end_common.utility_models.reverse_ip_tag_multicast_source_machine_vertex.ReverseIPTagMulticastSourceMachineVertex object at 0x7fd14f04b190>:readout_neurons:41:41, keys_and_masks:[KeyAndMask:0x40L:0xfffffffc] 


Vertex: readout_neurons:42:42 
edge:readout_neurons:42:42:readout_neurons:1:1, keys_and_masks:[KeyAndMask:0x2cL:0xffffffff] 
edge:readout_neurons:42:42:readout_neurons:0:0, keys_and_masks:[KeyAndMask:0x2cL:0xffffffff] 


Vertex: readout_neurons:40:40 
edge:readout_neurons:40:40:readout_neurons:1:1, keys_and_masks:[KeyAndMask:0x2aL:0xffffffff] 
edge:readout_neurons:40:40:readout_neurons:0:0, keys_and_masks:[KeyAndMask:0x2aL:0xffffffff] 


Vertex: readout_neurons:14:14 
edge:readout_neurons:14:14:readout_neurons:1:1, keys_and_masks:[KeyAndMask:0x10L:0xffffffff] 
edge:readout_neurons:14:14:readout_neurons:0:0, keys_and_masks:[KeyAndMask:0x10L:0xffffffff] 


Vertex: readout_neurons:51:51 
edge:readout_neurons:51:51:readout_neurons:1:1, keys_and_masks:[KeyAndMask:0x35L:0xffffffff] 
edge:readout_neurons:51:51:readout_neurons:0:0, keys_and_masks:[KeyAndMask:0x35L:0xffffffff] 


Vertex: readout_neurons:0:0 
edge:readout_neurons:0:0:readout_neurons:1:1, keys_and_masks:[KeyAndMask:0x2L:0xffffffff] 
edge:readout_neurons:0:0:readout_neurons:0:0, keys_and_masks:[KeyAndMask:0x2L:0xffffffff] 


Vertex: readout_neurons:56:56 
edge:readout_neurons:56:56:readout_neurons:1:1, keys_and_masks:[KeyAndMask:0x3aL:0xffffffff] 
edge:readout_neurons:56:56:readout_neurons:0:0, keys_and_masks:[KeyAndMask:0x3aL:0xffffffff] 


Vertex: readout_neurons:34:34 
edge:readout_neurons:34:34:readout_neurons:1:1, keys_and_masks:[KeyAndMask:0x24L:0xffffffff] 
edge:readout_neurons:34:34:readout_neurons:0:0, keys_and_masks:[KeyAndMask:0x24L:0xffffffff] 


Vertex: readout_neurons:50:50 
edge:readout_neurons:50:50:readout_neurons:1:1, keys_and_masks:[KeyAndMask:0x34L:0xffffffff] 
edge:readout_neurons:50:50:readout_neurons:0:0, keys_and_masks:[KeyAndMask:0x34L:0xffffffff] 


Vertex: readout_neurons:43:43 
edge:readout_neurons:43:43:readout_neurons:1:1, keys_and_masks:[KeyAndMask:0x2dL:0xffffffff] 
edge:readout_neurons:43:43:readout_neurons:0:0, keys_and_masks:[KeyAndMask:0x2dL:0xffffffff] 


Vertex: readout_neurons:55:55 
edge:readout_neurons:55:55:readout_neurons:1:1, keys_and_masks:[KeyAndMask:0x39L:0xffffffff] 
edge:readout_neurons:55:55:readout_neurons:0:0, keys_and_masks:[KeyAndMask:0x39L:0xffffffff] 


Vertex: readout_neurons:45:45 
edge:readout_neurons:45:45:readout_neurons:1:1, keys_and_masks:[KeyAndMask:0x2fL:0xffffffff] 
edge:readout_neurons:45:45:readout_neurons:0:0, keys_and_masks:[KeyAndMask:0x2fL:0xffffffff] 


Vertex: readout_neurons:19:19 
edge:readout_neurons:19:19:readout_neurons:1:1, keys_and_masks:[KeyAndMask:0x15L:0xffffffff] 
edge:readout_neurons:19:19:readout_neurons:0:0, keys_and_masks:[KeyAndMask:0x15L:0xffffffff] 


Vertex: readout_neurons:13:13 
edge:readout_neurons:13:13:readout_neurons:1:1, keys_and_masks:[KeyAndMask:0xfL:0xffffffff] 
edge:readout_neurons:13:13:readout_neurons:0:0, keys_and_masks:[KeyAndMask:0xfL:0xffffffff] 


Vertex: readout_neurons:32:32 
edge:readout_neurons:32:32:readout_neurons:1:1, keys_and_masks:[KeyAndMask:0x22L:0xffffffff] 
edge:readout_neurons:32:32:readout_neurons:0:0, keys_and_masks:[KeyAndMask:0x22L:0xffffffff] 


Vertex: readout_neurons:30:30 
edge:readout_neurons:30:30:readout_neurons:1:1, keys_and_masks:[KeyAndMask:0x20L:0xffffffff] 
edge:readout_neurons:30:30:readout_neurons:0:0, keys_and_masks:[KeyAndMask:0x20L:0xffffffff] 


Vertex: readout_neurons:28:28 
edge:readout_neurons:28:28:readout_neurons:1:1, keys_and_masks:[KeyAndMask:0x1eL:0xffffffff] 
edge:readout_neurons:28:28:readout_neurons:0:0, keys_and_masks:[KeyAndMask:0x1eL:0xffffffff] 


Vertex: readout_neurons:22:22 
edge:readout_neurons:22:22:readout_neurons:1:1, keys_and_masks:[KeyAndMask:0x18L:0xffffffff] 
edge:readout_neurons:22:22:readout_neurons:0:0, keys_and_masks:[KeyAndMask:0x18L:0xffffffff] 


Vertex: readout_neurons:46:46 
edge:readout_neurons:46:46:readout_neurons:1:1, keys_and_masks:[KeyAndMask:0x30L:0xffffffff] 
edge:readout_neurons:46:46:readout_neurons:0:0, keys_and_masks:[KeyAndMask:0x30L:0xffffffff] 


Vertex: readout_neurons:16:16 
edge:readout_neurons:16:16:readout_neurons:1:1, keys_and_masks:[KeyAndMask:0x12L:0xffffffff] 
edge:readout_neurons:16:16:readout_neurons:0:0, keys_and_masks:[KeyAndMask:0x12L:0xffffffff] 


Vertex: readout_neurons:18:18 
edge:readout_neurons:18:18:readout_neurons:1:1, keys_and_masks:[KeyAndMask:0x14L:0xffffffff] 
edge:readout_neurons:18:18:readout_neurons:0:0, keys_and_masks:[KeyAndMask:0x14L:0xffffffff] 


Vertex: readout_neurons:39:39 
edge:readout_neurons:39:39:readout_neurons:1:1, keys_and_masks:[KeyAndMask:0x29L:0xffffffff] 
edge:readout_neurons:39:39:readout_neurons:0:0, keys_and_masks:[KeyAndMask:0x29L:0xffffffff] 


Vertex: readout_neurons:0:0 
edge:SimpleMachineEdge(pre_vertex=readout_neurons:0:0, post_vertex=LiveSpikeReceiver:0:0, traffic_type=EdgeTrafficType.MULTICAST, label=None, traffic_weight=1), keys_and_masks:[KeyAndMask:0x0L:0xffffffff] 


Vertex: readout_neurons:12:12 
edge:readout_neurons:12:12:readout_neurons:1:1, keys_and_masks:[KeyAndMask:0xeL:0xffffffff] 
edge:readout_neurons:12:12:readout_neurons:0:0, keys_and_masks:[KeyAndMask:0xeL:0xffffffff] 


Vertex: readout_neurons:2:2 
edge:readout_neurons:2:2:readout_neurons:1:1, keys_and_masks:[KeyAndMask:0x4L:0xffffffff] 
edge:readout_neurons:2:2:readout_neurons:0:0, keys_and_masks:[KeyAndMask:0x4L:0xffffffff] 


Vertex: readout_neurons:41:41 
edge:readout_neurons:41:41:readout_neurons:1:1, keys_and_masks:[KeyAndMask:0x2bL:0xffffffff] 
edge:readout_neurons:41:41:readout_neurons:0:0, keys_and_masks:[KeyAndMask:0x2bL:0xffffffff] 


Vertex: readout_neurons:21:21 
edge:readout_neurons:21:21:readout_neurons:1:1, keys_and_masks:[KeyAndMask:0x17L:0xffffffff] 
edge:readout_neurons:21:21:readout_neurons:0:0, keys_and_masks:[KeyAndMask:0x17L:0xffffffff] 


Vertex: readout_neurons:4:4 
edge:readout_neurons:4:4:readout_neurons:1:1, keys_and_masks:[KeyAndMask:0x6L:0xffffffff] 
edge:readout_neurons:4:4:readout_neurons:0:0, keys_and_masks:[KeyAndMask:0x6L:0xffffffff] 


Vertex: readout_neurons:15:15 
edge:readout_neurons:15:15:readout_neurons:1:1, keys_and_masks:[KeyAndMask:0x11L:0xffffffff] 
edge:readout_neurons:15:15:readout_neurons:0:0, keys_and_masks:[KeyAndMask:0x11L:0xffffffff] 


Vertex: readout_neurons:1:1 
edge:readout_neurons:1:1:readout_neurons:1:1, keys_and_masks:[KeyAndMask:0x3L:0xffffffff] 
edge:readout_neurons:1:1:readout_neurons:0:0, keys_and_masks:[KeyAndMask:0x3L:0xffffffff] 


Vertex: readout_neurons:37:37 
edge:readout_neurons:37:37:readout_neurons:1:1, keys_and_masks:[KeyAndMask:0x27L:0xffffffff] 
edge:readout_neurons:37:37:readout_neurons:0:0, keys_and_masks:[KeyAndMask:0x27L:0xffffffff] 


Vertex: readout_neurons:7:7 
edge:readout_neurons:7:7:readout_neurons:1:1, keys_and_masks:[KeyAndMask:0x9L:0xffffffff] 
edge:readout_neurons:7:7:readout_neurons:0:0, keys_and_masks:[KeyAndMask:0x9L:0xffffffff] 


Vertex: readout_neurons:29:29 
edge:readout_neurons:29:29:readout_neurons:1:1, keys_and_masks:[KeyAndMask:0x1fL:0xffffffff] 
edge:readout_neurons:29:29:readout_neurons:0:0, keys_and_masks:[KeyAndMask:0x1fL:0xffffffff] 


Vertex: readout_neurons:54:54 
edge:readout_neurons:54:54:readout_neurons:1:1, keys_and_masks:[KeyAndMask:0x38L:0xffffffff] 
edge:readout_neurons:54:54:readout_neurons:0:0, keys_and_masks:[KeyAndMask:0x38L:0xffffffff] 


Vertex: readout_neurons:26:26 
edge:readout_neurons:26:26:readout_neurons:1:1, keys_and_masks:[KeyAndMask:0x1cL:0xffffffff] 
edge:readout_neurons:26:26:readout_neurons:0:0, keys_and_masks:[KeyAndMask:0x1cL:0xffffffff] 


Vertex: readout_neurons:3:3 
edge:readout_neurons:3:3:readout_neurons:1:1, keys_and_masks:[KeyAndMask:0x5L:0xffffffff] 
edge:readout_neurons:3:3:readout_neurons:0:0, keys_and_masks:[KeyAndMask:0x5L:0xffffffff] 


Vertex: readout_neurons:35:35 
edge:readout_neurons:35:35:readout_neurons:1:1, keys_and_masks:[KeyAndMask:0x25L:0xffffffff] 
edge:readout_neurons:35:35:readout_neurons:0:0, keys_and_masks:[KeyAndMask:0x25L:0xffffffff] 


Vertex: readout_neurons:1:1 
edge:SimpleMachineEdge(pre_vertex=readout_neurons:1:1, post_vertex=LiveSpikeReceiver:0:0, traffic_type=EdgeTrafficType.MULTICAST, label=None, traffic_weight=1), keys_and_masks:[KeyAndMask:0x1L:0xffffffff] 


Vertex: readout_neurons:10:10 
edge:readout_neurons:10:10:readout_neurons:1:1, keys_and_masks:[KeyAndMask:0xcL:0xffffffff] 
edge:readout_neurons:10:10:readout_neurons:0:0, keys_and_masks:[KeyAndMask:0xcL:0xffffffff] 


Vertex: readout_neurons:6:6 
edge:readout_neurons:6:6:readout_neurons:1:1, keys_and_masks:[KeyAndMask:0x8L:0xffffffff] 
edge:readout_neurons:6:6:readout_neurons:0:0, keys_and_masks:[KeyAndMask:0x8L:0xffffffff] 


Vertex: readout_neurons:49:49 
edge:readout_neurons:49:49:readout_neurons:1:1, keys_and_masks:[KeyAndMask:0x33L:0xffffffff] 
edge:readout_neurons:49:49:readout_neurons:0:0, keys_and_masks:[KeyAndMask:0x33L:0xffffffff] 


Vertex: readout_neurons:25:25 
edge:readout_neurons:25:25:readout_neurons:1:1, keys_and_masks:[KeyAndMask:0x1bL:0xffffffff] 
edge:readout_neurons:25:25:readout_neurons:0:0, keys_and_masks:[KeyAndMask:0x1bL:0xffffffff] 


Vertex: readout_neurons:20:20 
edge:readout_neurons:20:20:readout_neurons:1:1, keys_and_masks:[KeyAndMask:0x16L:0xffffffff] 
edge:readout_neurons:20:20:readout_neurons:0:0, keys_and_masks:[KeyAndMask:0x16L:0xffffffff] 


Vertex: readout_neurons:9:9 
edge:readout_neurons:9:9:readout_neurons:1:1, keys_and_masks:[KeyAndMask:0xbL:0xffffffff] 
edge:readout_neurons:9:9:readout_neurons:0:0, keys_and_masks:[KeyAndMask:0xbL:0xffffffff] 


Vertex: readout_neurons:23:23 
edge:readout_neurons:23:23:readout_neurons:1:1, keys_and_masks:[KeyAndMask:0x19L:0xffffffff] 
edge:readout_neurons:23:23:readout_neurons:0:0, keys_and_masks:[KeyAndMask:0x19L:0xffffffff] 


Vertex: readout_neurons:31:31 
edge:readout_neurons:31:31:readout_neurons:1:1, keys_and_masks:[KeyAndMask:0x21L:0xffffffff] 
edge:readout_neurons:31:31:readout_neurons:0:0, keys_and_masks:[KeyAndMask:0x21L:0xffffffff] 


