Vertex: Inhibitory_Cells:0:10 
edge:Inhibitory_Cells:0:10:Excitatory_Cells:0:47, keys_and_masks:[KeyAndMask:0x50L:0xfffffff0] 
edge:Inhibitory_Cells:0:10:Inhibitory_Cells:0:10, keys_and_masks:[KeyAndMask:0x50L:0xfffffff0] 


Vertex: readout_neurons:0:1 
edge:SimpleMachineEdge(pre_vertex=readout_neurons:0:1, post_vertex=LiveSpikeReceiver:0:0, traffic_type=EdgeTrafficType.MULTICAST, label=None, traffic_weight=1), keys_and_masks:[KeyAndMask:0x44L:0xfffffffe] 


Vertex: Excitatory_Cells:0:47 
edge:Excitatory_Cells:0:47:Excitatory_Cells:0:47, keys_and_masks:[KeyAndMask:0x0L:0xffffffc0] 
edge:Excitatory_Cells:0:47:Inhibitory_Cells:0:10, keys_and_masks:[KeyAndMask:0x0L:0xffffffc0] 
edge:Excitatory_Cells:0:47:readout_neurons:0:1, keys_and_masks:[KeyAndMask:0x0L:0xffffffc0] 


Vertex: <spinn_front_end_common.utility_models.reverse_ip_tag_multicast_source_machine_vertex.ReverseIPTagMulticastSourceMachineVertex object at 0x7f547c0f2690> 
edge:<spinn_front_end_common.utility_models.reverse_ip_tag_multicast_source_machine_vertex.ReverseIPTagMulticastSourceMachineVertex object at 0x7f547c0f2690>:Excitatory_Cells:0:47, keys_and_masks:[KeyAndMask:0x40L:0xfffffffc] 


