        Network Specification
 =====================

Generated: Sun Sep 10 06:03:59 2017 for target machine '192.168.240.36'

*** Vertices:
Vertex Excitatory_Cells, size: 48
Model: IzkCondExp
constraint: PartitionerMaximumSizeConstraint(size=255)

Vertex Inhibitory_Cells, size: 11
Model: IzkCondExp
constraint: PartitionerMaximumSizeConstraint(size=255)

Vertex injector0, size: 4
Model: SpikeInjector
constraint: PartitionerMaximumSizeConstraint(size=9223372036854775807)

Vertex readout_neurons, size: 2
Model: IFCurrExp
constraint: PartitionerMaximumSizeConstraint(size=100)

Vertex injector1, size: 1
Model: SpikeInjector
constraint: PartitionerMaximumSizeConstraint(size=9223372036854775807)

Vertex LiveSpikeReceiver, size: 1
Model: LivePacketGather
constraint: PlacerRadialPlacementFromChipConstraint(x=0, y=0)
constraint: PartitionerMaximumSizeConstraint(size=1)

Vertex Excitatory_Cells, size: 48
Model: IFCurrExp
constraint: PartitionerMaximumSizeConstraint(size=100)

Vertex Inhibitory_Cells, size: 11
Model: IFCurrExp
constraint: PartitionerMaximumSizeConstraint(size=100)

Vertex injector2, size: 4
Model: SpikeInjector
constraint: PartitionerMaximumSizeConstraint(size=9223372036854775807)

Vertex readout_neurons, size: 2
Model: IFCurrExp
constraint: PartitionerMaximumSizeConstraint(size=100)

Vertex injector3, size: 1
Model: SpikeInjector
constraint: PartitionerMaximumSizeConstraint(size=9223372036854775807)

Vertex LiveSpikeReceiver, size: 1
Model: LivePacketGather
constraint: PlacerRadialPlacementFromChipConstraint(x=0, y=0)
constraint: PartitionerMaximumSizeConstraint(size=1)

*** Edges:
Edge Projection 4 from vertex: 'Inhibitory_Cells' (11 atoms) to vertex: 'Excitatory_Cells' (48 atoms)
  Model: No Model

Edge Projection 5 from vertex: 'Inhibitory_Cells' (11 atoms) to vertex: 'Inhibitory_Cells' (11 atoms)
  Model: No Model

Edge Projection 12 from vertex: 'Inhibitory_Cells' (11 atoms) to vertex: 'Excitatory_Cells' (48 atoms)
  Model: No Model

Edge Projection 13 from vertex: 'Inhibitory_Cells' (11 atoms) to vertex: 'Inhibitory_Cells' (11 atoms)
  Model: No Model

Edge recorder_edge from vertex: 'readout_neurons' (2 atoms) to vertex: 'LiveSpikeReceiver' (1 atoms)
  Model: No Model

Edge Projection 2 from vertex: 'Excitatory_Cells' (48 atoms) to vertex: 'Excitatory_Cells' (48 atoms)
  Model: No Model

Edge Projection 3 from vertex: 'Excitatory_Cells' (48 atoms) to vertex: 'Inhibitory_Cells' (11 atoms)
  Model: No Model

Edge Projection 6 from vertex: 'Excitatory_Cells' (48 atoms) to vertex: 'readout_neurons' (2 atoms)
  Model: No Model

Edge Projection 10 from vertex: 'Excitatory_Cells' (48 atoms) to vertex: 'Excitatory_Cells' (48 atoms)
  Model: No Model

Edge Projection 11 from vertex: 'Excitatory_Cells' (48 atoms) to vertex: 'Inhibitory_Cells' (11 atoms)
  Model: No Model

Edge Projection 14 from vertex: 'Excitatory_Cells' (48 atoms) to vertex: 'readout_neurons' (2 atoms)
  Model: No Model

Edge recorder_edge from vertex: 'readout_neurons' (2 atoms) to vertex: 'LiveSpikeReceiver' (1 atoms)
  Model: No Model

Edge Projection 0 from vertex: 'injector0' (4 atoms) to vertex: 'Excitatory_Cells' (48 atoms)
  Model: No Model

Edge Projection 1 from vertex: 'injector0' (4 atoms) to vertex: 'Inhibitory_Cells' (11 atoms)
  Model: No Model

Edge Projection 8 from vertex: 'injector2' (4 atoms) to vertex: 'Excitatory_Cells' (48 atoms)
  Model: No Model

Edge Projection 9 from vertex: 'injector2' (4 atoms) to vertex: 'Inhibitory_Cells' (11 atoms)
  Model: No Model

