        Network Specification
 =====================

Generated: Fri Oct  6 18:47:08 2017 for target machine '192.168.240.36'

*** Vertices:
Vertex Excitatory_Cells, size: 400
Model: <bound method IFCondExp.model_name of Excitatory_Cells with 400 atoms>
constraint: partitioner max atom per core constraint with size 50

Vertex Inhibitory_Cells, size: 100
Model: <bound method IFCondExp.model_name of Inhibitory_Cells with 100 atoms>
constraint: partitioner max atom per core constraint with size 50

Vertex expoisson, size: 20
Model: SpikeSourcePoisson
constraint: partitioner max atom per core constraint with size 500

*** Edges:
Edge Projection 0 from vertex: 'Excitatory_Cells' (400 atoms) to vertex: 'Excitatory_Cells' (400 atoms)
  Model: No Model

Edge Projection 1 from vertex: 'Excitatory_Cells' (400 atoms) to vertex: 'Inhibitory_Cells' (100 atoms)
  Model: No Model

Edge Projection 2 from vertex: 'Inhibitory_Cells' (100 atoms) to vertex: 'Excitatory_Cells' (400 atoms)
  Model: No Model

Edge Projection 3 from vertex: 'Inhibitory_Cells' (100 atoms) to vertex: 'Inhibitory_Cells' (100 atoms)
  Model: No Model

Edge Projection 4 from vertex: 'expoisson' (20 atoms) to vertex: 'Excitatory_Cells' (400 atoms)
  Model: No Model

Edge Projection 5 from vertex: 'expoisson' (20 atoms) to vertex: 'Inhibitory_Cells' (100 atoms)
  Model: No Model

