        Placement Information by Vertex
        ===============================

Generated: Thu Jun 22 13:08:20 2017 for target machine '192.168.240.36'

**** Vertex: 'input'
Model: SpikeSourceArray
Pop size: 1
Machine Vertices: 
  Slice 0:0 (1 atoms) on core (0, 0, 2) 

**** Vertex: 'input'
Model: SpikeSourceArray
Pop size: 1
Machine Vertices: 
  Slice 0:0 (1 atoms) on core (0, 0, 4) 

**** Vertex: 'input'
Model: SpikeSourceArray
Pop size: 1
Machine Vertices: 
  Slice 0:0 (1 atoms) on core (0, 0, 6) 

**** Vertex: 'input'
Model: SpikeSourceArray
Pop size: 1
Machine Vertices: 
  Slice 0:0 (1 atoms) on core (0, 0, 8) 

**** Vertex: 'pop_1'
Model: IFCurrExp
Pop size: 1
Machine Vertices: 
  Slice 0:0 (1 atoms) on core (0, 0, 1) 

**** Vertex: 'pop_1'
Model: IFCurrExp
Pop size: 1
Machine Vertices: 
  Slice 0:0 (1 atoms) on core (0, 0, 3) 

**** Vertex: 'pop_1'
Model: IFCurrExp
Pop size: 1
Machine Vertices: 
  Slice 0:0 (1 atoms) on core (0, 0, 5) 

**** Vertex: 'pop_1'
Model: IFCurrExp
Pop size: 1
Machine Vertices: 
  Slice 0:0 (1 atoms) on core (0, 0, 7) 

